<!DOCTYPE html>
<html>
<head>
    <meta charset="utf-8">
    <title>WhatsApp Chats</title>
    <style>
/*
Modern WhatsApp-style chat viewer CSS
Using modern CSS features for cleaner code and better visuals
*/

:root {
  --whatsapp-green: #075E54;
  --whatsapp-light-green: #DCF8C6;
  --bg-color: #e5ddd5;
  --text-color: #333;
  --meta-color: #667781;
  --radius-sm: 8px;
  --radius-lg: 12px;
  --spacing: 1rem;
}

body {
  font-family: system-ui, -apple-system, sans-serif;
  line-height: 1.6;
  max-width: 800px;
  margin: 0 auto;
  padding: 0;
  color: var(--text-color);
  background-color: var(--bg-color);
}

h1, h2 {
  color: white;
  background-color: var(--whatsapp-green);
  margin: 0;
  padding: var(--spacing);
  text-align: center;
}

.messages {
  padding: var(--spacing);
  display: flex;
  flex-direction: column;
  gap: var(--spacing);
}

.message {
  padding: var(--spacing);
  border-radius: var(--radius-lg);
  max-width: 65%;
  position: relative;
  background: white;
  align-self: flex-start;
  box-shadow: 0 1px 2px rgba(0,0,0,0.1);
}

/* Sender's messages */
.message.sent {
  align-self: flex-end;
  background-color: var(--whatsapp-light-green);
}

.metadata {
  display: flex;
  align-items: baseline;
  gap: 0.5em;
  margin-bottom: 0.4em;
}

.sender {
  font-weight: 600;
  color: var(--whatsapp-green);
}

.timestamp {
  color: var(--meta-color);
  font-size: 0.75em;
}

.content {
  overflow-wrap: break-word;
}

.media {
  margin-top: var(--spacing);
}

.media img {
  max-width: 100%;
  height: auto;
  border-radius: var(--radius-sm);
  object-fit: cover;
}

.chat-list, .year-list {
  list-style: none;
  padding: var(--spacing);
  display: grid;
  gap: var(--spacing);
}

.chat-list a, .year-list a {
  display: block;
  padding: var(--spacing);
  background: white;
  color: var(--whatsapp-green);
  text-decoration: none;
  border-radius: var(--radius-sm);
  transition: 0.2s ease;
  box-shadow: 0 1px 2px rgba(0,0,0,0.1);
}

.chat-list a:hover, .year-list a:hover {
  background-color: #f5f5f5;
  transform: translateY(-1px);
  box-shadow: 0 2px 4px rgba(0,0,0,0.1);
}

/* Navigation styling */
nav {
  padding: var(--spacing);
}

.nav-link {
  display: inline-flex;
  align-items: center;
  padding: 0.75em 1.25em;
  color: var(--whatsapp-green);
  text-decoration: none;
  background-color: white;
  border-radius: var(--radius-sm);
  box-shadow: 0 1px 2px rgba(0,0,0,0.1);
  transition: 0.2s ease;
  font-weight: 500;
}

.nav-link:hover {
  background-color: #f5f5f5;
  transform: translateX(-2px);
  box-shadow: 0 2px 4px rgba(0,0,0,0.1);
}

    </style>
</head>
<body>
    <h1>WhatsApp Chats</h1>
    <ul class="chat-list">
        
    </ul>
    <p><small>Generated on 2025-08-03 14:28:38</small></p>
</body>
</html>