<!DOCTYPE html>
<html>
<head>
    <meta charset="utf-8">
    <title>Space Rocket - 2022</title>
    <link rel="stylesheet" href="browseability-generator.css">
</head>
<body>
    <h1>Space Rocket</h1>
    <h2>Messages from 2022</h2>
    <nav><a href="index.html" class="nav-link">‚Üê Back to years</a></nav>
    <div class="messages">
        
    <div class="message">
        <div class="metadata">
            <span class="timestamp">12.3.2022 klo 14.08.18</span>
            <span class="sender">Space Rocket</span>
        </div>
        <div class="content">Viestit ja puhelut ovat t√§ysin salattuja. Vain t√§m√§n keskustelun j√§senet voivat lukea, kuunnella tai jakaa niit√§.</div>
        
    </div>
    

    <div class="message">
        <div class="metadata">
            <span class="timestamp">12.3.2022 klo 14.08.18</span>
            <span class="sender">Matias Virtanen</span>
        </div>
        <div class="content">Matias Virtanen muutti ryhm√§n nimeksi Space Rocket</div>
        
    </div>
    

    <div class="message">
        <div class="metadata">
            <span class="timestamp">12.3.2022 klo 14.10.56</span>
            <span class="sender">Juuso Kivi</span>
        </div>
        <div class="content">Juuso Kivi lis√§ttiin</div>
        
    </div>
    

    <div class="message">
        <div class="metadata">
            <span class="timestamp">12.3.2022 klo 14.10.56</span>
            <span class="sender">Matias Virtanen</span>
        </div>
        <div class="content">Matias Virtanen lis√§ttiin</div>
        
    </div>
    

    <div class="message">
        <div class="metadata">
            <span class="timestamp">12.3.2022 klo 14.09.09</span>
            <span class="sender">Matias Virtanen</span>
        </div>
        <div class="content">Blah blah</div>
        
    </div>
    

    <div class="message">
        <div class="metadata">
            <span class="timestamp">12.3.2022 klo 14.20.39</span>
            <span class="sender">Sami Str√∂m</span>
        </div>
        <div class="content">h√∂p√∂ h√∂p√∂

Seli seli imaginary link
https://example.com/linky

h√∂p√∂ti</div>
        
    </div>
    

    <div class="message">
        <div class="metadata">
            <span class="timestamp">12.3.2022 klo 14.24.24</span>
            <span class="sender">Sami Str√∂m</span>
        </div>
        <div class="content">Yeaah</div>
        
    </div>
    

    <div class="message">
        <div class="metadata">
            <span class="timestamp">12.3.2022 klo 14.55.01</span>
            <span class="sender">Space Rocket</span>
        </div>
        <div class="content">Olet nyt yll√§pit√§j√§</div>
        
    </div>
    

    <div class="message">
        <div class="metadata">
            <span class="timestamp">12.3.2022 klo 14.56.47</span>
            <span class="sender">Aleksi Luoto</span>
        </div>
        <div class="content">Juuso Kivi lis√§si henkil√∂n ~‚ÄØAleksi Luoto</div>
        
    </div>
    

    <div class="message">
        <div class="metadata">
            <span class="timestamp">12.3.2022 klo 15.35.35</span>
            <span class="sender">Aleksi Luoto</span>
        </div>
        <div class="content">üëã</div>
        
    </div>
    

    <div class="message">
        <div class="metadata">
            <span class="timestamp">12.3.2022 klo 16.24.37</span>
            <span class="sender">Sami Str√∂m</span>
        </div>
        <div class="content">üëã</div>
        
    </div>
    

    <div class="message">
        <div class="metadata">
            <span class="timestamp">13.3.2022 klo 11.46.59</span>
            <span class="sender">Sami Str√∂m</span>
        </div>
        <div class="content">Blah Blah</div>
        
    </div>
    

    <div class="message">
        <div class="metadata">
            <span class="timestamp">13.3.2022 klo 14.17.25</span>
            <span class="sender">Sami Str√∂m</span>
        </div>
        <div class="content"></div>
        <div class="media">[Media file not available]</div>
    </div>
    

    <div class="message">
        <div class="metadata">
            <span class="timestamp">13.3.2022 klo 14.17.51</span>
            <span class="sender">Matias Virtanen</span>
        </div>
        <div class="content">üí™</div>
        
    </div>
    

    <div class="message">
        <div class="metadata">
            <span class="timestamp">13.3.2022 klo 14.18.45</span>
            <span class="sender">Sami Str√∂m</span>
        </div>
        <div class="content">foo bar seli seli</div>
        
    </div>
    

    <div class="message">
        <div class="metadata">
            <span class="timestamp">12.3.2022 klo 14.08.18</span>
            <span class="sender">Space Rocket</span>
        </div>
        <div class="content">Viestit ja puhelut ovat t√§ysin salattuja. Vain t√§m√§n keskustelun j√§senet voivat lukea, kuunnella tai jakaa niit√§.</div>
        
    </div>
    

    <div class="message">
        <div class="metadata">
            <span class="timestamp">12.3.2022 klo 14.08.18</span>
            <span class="sender">Matias Virtanen</span>
        </div>
        <div class="content">Matias Virtanen muutti ryhm√§n nimeksi Space Rocket</div>
        
    </div>
    

    <div class="message">
        <div class="metadata">
            <span class="timestamp">12.3.2022 klo 14.10.56</span>
            <span class="sender">Juuso Kivi</span>
        </div>
        <div class="content">Juuso Kivi lis√§ttiin</div>
        
    </div>
    

    <div class="message">
        <div class="metadata">
            <span class="timestamp">12.3.2022 klo 14.10.56</span>
            <span class="sender">Matias Virtanen</span>
        </div>
        <div class="content">Matias Virtanen lis√§ttiin</div>
        
    </div>
    

    <div class="message">
        <div class="metadata">
            <span class="timestamp">12.3.2022 klo 14.09.09</span>
            <span class="sender">Matias Virtanen</span>
        </div>
        <div class="content">Blah blah</div>
        
    </div>
    

    <div class="message">
        <div class="metadata">
            <span class="timestamp">12.3.2022 klo 14.20.39</span>
            <span class="sender">Sami Str√∂m</span>
        </div>
        <div class="content">h√∂p√∂ h√∂p√∂

Seli seli imaginary link
https://example.com/linky

h√∂p√∂ti</div>
        
    </div>
    

    <div class="message">
        <div class="metadata">
            <span class="timestamp">12.3.2022 klo 14.24.24</span>
            <span class="sender">Sami Str√∂m</span>
        </div>
        <div class="content">Yeaah</div>
        
    </div>
    

    <div class="message">
        <div class="metadata">
            <span class="timestamp">12.3.2022 klo 14.55.01</span>
            <span class="sender">Space Rocket</span>
        </div>
        <div class="content">Olet nyt yll√§pit√§j√§</div>
        
    </div>
    

    <div class="message">
        <div class="metadata">
            <span class="timestamp">12.3.2022 klo 14.56.47</span>
            <span class="sender">Aleksi Luoto</span>
        </div>
        <div class="content">Juuso Kivi lis√§si henkil√∂n ~‚ÄØAleksi Luoto</div>
        
    </div>
    

    <div class="message">
        <div class="metadata">
            <span class="timestamp">12.3.2022 klo 15.35.35</span>
            <span class="sender">Aleksi Luoto</span>
        </div>
        <div class="content">üëã</div>
        
    </div>
    

    <div class="message">
        <div class="metadata">
            <span class="timestamp">12.3.2022 klo 16.24.37</span>
            <span class="sender">Sami Str√∂m</span>
        </div>
        <div class="content">üëã</div>
        
    </div>
    

    <div class="message">
        <div class="metadata">
            <span class="timestamp">13.3.2022 klo 11.46.59</span>
            <span class="sender">Sami Str√∂m</span>
        </div>
        <div class="content">Blah Blah</div>
        
    </div>
    

    <div class="message">
        <div class="metadata">
            <span class="timestamp">13.3.2022 klo 14.17.25</span>
            <span class="sender">Sami Str√∂m</span>
        </div>
        <div class="content"></div>
        <div class="media">[Media file not available]</div>
    </div>
    

    <div class="message">
        <div class="metadata">
            <span class="timestamp">13.3.2022 klo 14.17.51</span>
            <span class="sender">Matias Virtanen</span>
        </div>
        <div class="content">üí™</div>
        
    </div>
    

    <div class="message">
        <div class="metadata">
            <span class="timestamp">13.3.2022 klo 14.18.45</span>
            <span class="sender">Sami Str√∂m</span>
        </div>
        <div class="content">foo bar seli seli</div>
        
    </div>
    
    </div>
</body>
</html>