<!DOCTYPE html>
<html>
<head>
    <meta charset="utf-8">
    <title>Unknown Chat - 2024</title>
    <link rel="stylesheet" href="browseability-generator.css">
</head>
<body>
    <h1>Unknown Chat</h1>
    <h2>Messages from 2024</h2>
    <p><a href="index.html">Back to years</a></p>
    <div class="messages">
        
    <div class="message">
        <div class="metadata">
            <span class="timestamp">[31.1.2024 klo 8.56.58]</span>
            <span class="sender">Matias Virtanen</span>
        </div>
        <div class="content">ğŸ˜±ğŸ¥°</div>
        
    </div>
    
    </div>
</body>
</html>