<!DOCTYPE html>
<html>
<head>
    <meta charset="utf-8">
    <title>Unknown Chat</title>
    <link rel="stylesheet" href="browseability-generator.css">
</head>
<body>
    <h1>Unknown Chat</h1>
    <p><a href="../index.html">Back to chats</a></p>
    <h2>Messages by Year</h2>
    <ul class="year-list">
        <li><a href="2022.html">2022</a></li>
<li><a href="2024.html">2024</a></li>
    </ul>
</body>
</html>