<!DOCTYPE html>
<html>
<head>
    <meta charset="utf-8">
    <title>WhatsApp Chats</title>
    <link rel="stylesheet" href="browseability-generator.css">
</head>
<body>
    <h1>WhatsApp Chats</h1>
    <ul class="chat-list">
        <li><a href="Space Rocket/index.html">Space Rocket</a></li>
<li><a href="Unknown Chat/index.html">Unknown Chat</a></li>
    </ul>
    <p><small>Generated on 2025-08-03 14:28:38</small></p>
</body>
</html>