<!DOCTYPE html>
<html>
<head>
    <meta charset="utf-8">
    <title>Space Rocket - 2024</title>
    <link rel="stylesheet" href="browseability-generator.css">
</head>
<body>
    <h1>Space Rocket</h1>
    <h2>Messages from 2024</h2>
    <nav><a href="index.html" class="nav-link">← Back to years</a></nav>
    <div class="messages">
        
    <div class="message">
        <div class="metadata">
            <span class="timestamp">31.1.2024 klo 8.56.58</span>
            <span class="sender">Matias Virtanen</span>
        </div>
        <div class="content">😱🥰</div>
        
    </div>
    
    </div>
</body>
</html>